src/app/api/empleados/route.ts(1,22): error TS2307: Cannot find module '@/lib/auth' or its corresponding type declarations.
src/app/api/empleados/route.ts(2,24): error TS2307: Cannot find module '@/lib/prisma' or its corresponding type declarations.
src/app/api/empleados/route.ts(5,34): error TS2307: Cannot find module '@/lib/branch' or its corresponding type declarations.
src/app/api/empleados/route.ts(6,90): error TS2307: Cannot find module '@/lib/employee-pin' or its corresponding type declarations.
