src/app/(app)/[branchId]/configuracion/page.tsx(111,9): error TS2353: Object literal may only specify known properties, and 'role' does not exist in type '{ name: string; active: boolean; suspendedUntil: string | null; pin?: string | null | undefined; }'.
src/app/(app)/[branchId]/layout.tsx(43,17): error TS2353: Object literal may only specify known properties, and 'branchId' does not exist in type 'EmployeeSelect<DefaultArgs>'.
src/app/(app)/[branchId]/layout.tsx(45,35): error TS2339: Property 'branchId' does not exist on type '{ name: string; id: string; role: EmployeeRole; kioscoId: string; pin: string | null; active: boolean; suspendedUntil: Date | null; }'.
src/app/api/empleados/verificar-pin/route.ts(32,9): error TS2353: Object literal may only specify known properties, and 'branchId' does not exist in type 'EmployeeWhereInput'.
src/app/page.tsx(16,17): error TS2353: Object literal may only specify known properties, and 'branchId' does not exist in type 'EmployeeSelect<DefaultArgs>'.
src/app/page.tsx(18,26): error TS2339: Property 'branchId' does not exist on type '{ name: string; id: string; role: EmployeeRole; kioscoId: string; pin: string | null; active: boolean; suspendedUntil: Date | null; }'.
